
    ___________ ____        ____  ____  ____
   / ____/ ___// __ \      / __ \/ __ \/ __ \
  / __/  \__ \/ /_/ /_____/ /_/ / /_/ / / / /
 / /___ ___/ / ____/_____/ ____/ ____/ /_/ /
/_____//____/_/         /_/   /_/    \___\_\


[16:23:03] ConvTranspose Decomposition Pass Running ... Finished.
[16:23:03] PPQ Quantization Fusion Pass Running ...       Finished.
[16:23:03] PPQ Quantize Simplify Pass Running ...         Finished.
[16:23:03] PPQ Parameter Quantization Pass Running ...    Finished.
python : 
所在位置 行:1 字符: 1
+ python quantize_catdog.py --onnx ..\01_train_catdog_model\outputs\cat ...
+ ~~~~~~~~~~~~~~~~~~~~~~~~~~~~~~~~~~~~~~~~~~~~~~~~~~~~~~~~~~~~~~~~~~~~~
    + CategoryInfo          : NotSpecified: (:String) [], RemoteException
    + FullyQualifiedErrorId : NativeCommandError
 
Calibration Progress(Phase 1):   0%|          | 0/32 [00:00<?, ?it/s]
Calibration Progress(Phase 1):   3%|▎         | 1/32 [00:00<00:03,  8.09it/s]
Calibration Progress(Phase 1):   6%|▋         | 2/32 [00:00<00:03,  8.66it/s]
Calibration Progress(Phase 1):  12%|█▎        | 4/32 [00:00<00:02,  9.77it/s]
Calibration Progress(Phase 1):  16%|█▌        | 5/32 [00:00<00:03,  8.59it/s]
Calibration Progress(Phase 1):  22%|██▏       | 7/32 [00:00<00:02, 10.03it/s]
Calibration Progress(Phase 1):  28%|██▊       | 9/32 [00:00<00:02, 10.60it/s]
Calibration Progress(Phase 1):  34%|███▍      | 11/32 [00:01<00:01, 11.05it/s]
Calibration Progress(Phase 1):  41%|████      | 13/32 [00:01<00:01, 11.38it/s]
Calibration Progress(Phase 1):  47%|████▋     | 15/32 [00:01<00:01, 11.34it/s]
Calibration Progress(Phase 1):  53%|█████▎    | 17/32 [00:01<00:01, 10.63it/s]
Calibration Progress(Phase 1):  59%|█████▉    | 19/32 [00:01<00:01, 11.05it/s]
Calibration Progress(Phase 1):  66%|██████▌   | 21/32 [00:01<00:01, 10.66it/s]
Calibration Progress(Phase 1):  72%|███████▏  | 23/32 [00:02<00:00, 10.60it/s]
Calibration Progress(Phase 1):  78%|███████▊  | 25/32 [00:02<00:00, 10.66it/s]
Calibration Progress(Phase 1):  84%|████████▍ | 27/32 [00:02<00:00,  9.87it/s]
Calibration Progress(Phase 1):  91%|█████████ | 29/32 [00:02<00:00,  9.74it/s]
Calibration Progress(Phase 1):  97%|█████████▋| 31/32 [00:03<00:00, 10.00it/s]
Calibration Progress(Phase 1): 100%|██████████| 32/32 [00:03<00:00, 10.30it/s]

Calibration Progress(Phase 2):   0%|          | 0/32 [00:00<?, ?it/s]
Calibration Progress(Phase 2):   6%|▋         | 2/32 [00:00<00:02, 10.76it/s]
Calibration Progress(Phase 2):  12%|█▎        | 4/32 [00:00<00:02, 12.42it/s]
Calibration Progress(Phase 2):  19%|█▉        | 6/32 [00:00<00:02, 11.82it/s]
Calibration Progress(Phase 2):  25%|██▌       | 8/32 [00:00<00:02, 11.06it/s]
Calibration Progress(Phase 2):  31%|███▏      | 10/32 [00:00<00:01, 11.54it/s]
Calibration Progress(Phase 2):  38%|███▊      | 12/32 [00:01<00:01, 12.18it/s]
Calibration Progress(Phase 2):  44%|████▍     | 14/32 [00:01<00:01, 11.73it/s]
Calibration Progress(Phase 2):  50%|█████     | 16/32 [00:01<00:01, 11.35it/s]
Calibration Progress(Phase 2):  56%|█████▋    | 18/32 [00:01<00:01, 11.71it/s]
Calibration Progress(Phase 2):  62%|██████▎   | 20/32 [00:01<00:00, 12.23it/s]
Calibration Progress(Phase 2):  69%|██████▉   | 22/32 [00:01<00:00, 12.42it/s]
Calibration Progress(Phase 2):  75%|███████▌  | 24/32 [00:02<00:00, 12.33it/s]
Calibration Progress(Phase 2):  81%|████████▏ | 26/32 [00:02<00:00, 12.30it/s]
Calibration Progress(Phase 2):  88%|████████▊ | 28/32 [00:02<00:00, 12.40it/s]
Calibration Progress(Phase 2):  94%|█████████▍| 30/32 [00:02<00:00, 11.99it/s]
Calibration Progress(Phase 2): 100%|██████████| 32/32 [00:02<00:00, 12.61it/s]
Calibration Progress(Phase 2): 100%|██████████| 32/32 [00:02<00:00, 12.06it/s]
[16:23:03] PPQ Runtime Calibration Pass Running ...       Finished.
[16:23:09] PPQ Quantization Alignment Pass Running ...    Finished.
[16:23:09] PPQ Passive Parameter Quantization Running ... Finished.
--------- Network Snapshot ---------
Num of Op:                    [100]
Num of Quantized Op:          [100]
Num of Variable:              [277]
Num of Quantized Var:         [277]
------- Quantization Snapshot ------
Num of Quant Config:          [386]
ACTIVATED:                    [108]
OVERLAPPED:                   [125]
PASSIVE:                      [153]
Network Quantization Finished.

Analysing Graphwise Quantization Error(Phrase 1)::   0%|          | 0/8 [00:00<?
, ?it/s]
Analysing Graphwise Quantization Error(Phrase 1)::  25%|██▌       | 2/8 [00:00<0
0:00, 11.12it/s]
Analysing Graphwise Quantization Error(Phrase 1)::  50%|█████     | 4/8 [00:00<0
0:00, 11.31it/s]
Analysing Graphwise Quantization Error(Phrase 1)::  75%|███████▌  | 6/8 [00:00<0
0:00, 11.78it/s]
Analysing Graphwise Quantization Error(Phrase 1):: 100%|██████████| 8/8 [00:00<0
0:00, 10.85it/s]
Analysing Graphwise Quantization Error(Phrase 1):: 100%|██████████| 8/8 [00:00<0
0:00,  9.68it/s]

Analysing Graphwise Quantization Error(Phrase 2)::   0%|          | 0/8 [00:00<?
, ?it/s]
Analysing Graphwise Quantization Error(Phrase 2)::  12%|█▎        | 1/8 [00:00<0
0:01,  5.56it/s]
Analysing Graphwise Quantization Error(Phrase 2)::  25%|██▌       | 2/8 [00:00<0
0:01,  5.91it/s]
Analysing Graphwise Quantization Error(Phrase 2)::  38%|███▊      | 3/8 [00:00<0
0:00,  5.73it/s]
Analysing Graphwise Quantization Error(Phrase 2)::  50%|█████     | 4/8 [00:00<0
0:00,  5.20it/s]
Analysing Graphwise Quantization Error(Phrase 2)::  62%|██████▎   | 5/8 [00:00<0
0:00,  5.22it/s]
Analysing Graphwise Quantization Error(Phrase 2)::  75%|███████▌  | 6/8 [00:01<0
0:00,  5.20it/s]
Analysing Graphwise Quantization Error(Phrase 2)::  88%|████████▊ | 7/8 [00:01<0
0:00,  5.38it/s]
Analysing Graphwise Quantization Error(Phrase 2):: 100%|██████████| 8/8 [00:01<0
0:00,  5.31it/s]
Analysing Graphwise Quantization Error(Phrase 2):: 100%|██████████| 8/8 [00:01<0
0:00,  4.87it/s]
Layer                                            | NOISE:SIGNAL POWER RATIO 
/features/features.17/conv/conv.2/Conv:          | ████████████████████ | 130.085%
/features/features.18/features.18.0/Conv:        | ████████████████████ | 129.035%
/features/features.16/conv/conv.2/Conv:          | ████████████████████ | 128.351%
/features/features.17/conv/conv.1/conv.1.0/Conv: | ███████████████████  | 121.221%
/features/features.15/conv/conv.2/Conv:          | ██████████████████   | 120.079%
/features/features.16/conv/conv.1/conv.1.0/Conv: | ██████████████████   | 117.384%
/features/features.17/conv/conv.0/conv.0.0/Conv: | ██████████████████   | 117.047%
/features/features.16/conv/conv.0/conv.0.0/Conv: | █████████████████    | 112.028%
/features/features.15/conv/conv.1/conv.1.0/Conv: | █████████████████    | 109.976%
/features/features.15/conv/conv.0/conv.0.0/Conv: | ████████████████     | 104.117%
/features/features.14/conv/conv.2/Conv:          | ████████████████     | 103.790%
/features/features.13/conv/conv.2/Conv:          | ███████████████      | 96.860%
/features/features.14/conv/conv.1/conv.1.0/Conv: | ███████████████      | 95.904%
/features/features.13/conv/conv.1/conv.1.0/Conv: | █████████████        | 87.558%
/features/features.12/conv/conv.2/Conv:          | █████████████        | 87.031%
/features/features.14/conv/conv.0/conv.0.0/Conv: | █████████████        | 83.398%
/features/features.12/conv/conv.1/conv.1.0/Conv: | ████████████         | 76.927%
/features/features.13/conv/conv.0/conv.0.0/Conv: | ████████████         | 76.431%
/features/features.12/conv/conv.0/conv.0.0/Conv: | ██████████           | 66.310%
/features/features.11/conv/conv.2/Conv:          | ██████████           | 65.944%
/features/features.10/conv/conv.2/Conv:          | █████████            | 59.876%
/features/features.11/conv/conv.1/conv.1.0/Conv: | █████████            | 58.113%
/features/features.9/conv/conv.2/Conv:           | ████████             | 55.691%
/features/features.10/conv/conv.1/conv.1.0/Conv: | ████████             | 52.508%
/features/features.11/conv/conv.0/conv.0.0/Conv: | ███████              | 48.162%
/features/features.9/conv/conv.1/conv.1.0/Conv:  | ███████              | 45.493%
/features/features.8/conv/conv.2/Conv:           | ███████              | 45.297%
/features/features.10/conv/conv.0/conv.0.0/Conv: | ███████              | 43.681%
/classifier/classifier.1/Gemm:                   | ██████               | 40.894%
/features/features.8/conv/conv.1/conv.1.0/Conv:  | ██████               | 37.450%
/features/features.9/conv/conv.0/conv.0.0/Conv:  | ██████               | 37.293%
/features/features.8/conv/conv.0/conv.0.0/Conv:  | █████                | 30.717%
/features/features.7/conv/conv.2/Conv:           | █████                | 30.535%
/features/features.6/conv/conv.2/Conv:           | ████                 | 25.938%
/features/features.7/conv/conv.1/conv.1.0/Conv:  | ████                 | 25.554%
/features/features.6/conv/conv.1/conv.1.0/Conv:  | ███                  | 22.090%
/features/features.5/conv/conv.2/Conv:           | ███                  | 20.842%
/features/features.7/conv/conv.0/conv.0.0/Conv:  | ███                  | 20.060%
/features/features.5/conv/conv.1/conv.1.0/Conv:  | ███                  | 16.993%
/features/features.6/conv/conv.0/conv.0.0/Conv:  | ██                   | 16.907%
/features/features.5/conv/conv.0/conv.0.0/Conv:  | ██                   | 12.918%
/features/features.4/conv/conv.2/Conv:           | ██                   | 12.646%

/features/features.4/conv/conv.1/conv.1.0/Conv:  | █                    | 10.144%
/features/features.3/conv/conv.2/Conv:           | █                    | 9.145%
/features/features.4/conv/conv.0/conv.0.0/Conv:  | █                    | 7.644%
/features/features.3/conv/conv.1/conv.1.0/Conv:  | █                    | 7.580%
/features/features.3/conv/conv.0/conv.0.0/Conv:  | █                    | 5.727%
/features/features.2/conv/conv.2/Conv:           | █                    | 5.603%
/features/features.2/conv/conv.1/conv.1.0/Conv:  | █                    | 4.506%
/features/features.2/conv/conv.0/conv.0.0/Conv:  |                      | 3.251%
/features/features.1/conv/conv.1/Conv:           |                      | 3.009%
/features/features.1/conv/conv.0/conv.0.0/Conv:  |                      | 1.231%
/features/features.0/features.0.0/Conv:          |                      | 0.766%
Analysing Layerwise quantization error::   0%|          | 0/53 [00:00<?, ?it/s]
Analysing Layerwise quantization error::   2%|▏         | 1/53 [00:00<00:39,  1.
31it/s]
Analysing Layerwise quantization error::   4%|▍         | 2/53 [00:01<00:38,  1.
31it/s]
Analysing Layerwise quantization error::   6%|▌         | 3/53 [00:02<00:38,  1.
29it/s]
Analysing Layerwise quantization error::   8%|▊         | 4/53 [00:03<00:37,  1.
30it/s]
Analysing Layerwise quantization error::   9%|▉         | 5/53 [00:03<00:36,  1.
31it/s]
Analysing Layerwise quantization error::  11%|█▏        | 6/53 [00:04<00:35,  1.
32it/s]
Analysing Layerwise quantization error::  13%|█▎        | 7/53 [00:05<00:36,  1.
27it/s]
Analysing Layerwise quantization error::  15%|█▌        | 8/53 [00:06<00:37,  1.
19it/s]
Analysing Layerwise quantization error::  17%|█▋        | 9/53 [00:07<00:38,  1.
14it/s]
Analysing Layerwise quantization error::  19%|█▉        | 10/53 [00:08<00:38,  1
.13it/s]
Analysing Layerwise quantization error::  21%|██        | 11/53 [00:09<00:37,  1
.12it/s]
Analysing Layerwise quantization error::  23%|██▎       | 12/53 [00:10<00:37,  1
.10it/s]
Analysing Layerwise quantization error::  25%|██▍       | 13/53 [00:10<00:35,  1
.12it/s]
Analysing Layerwise quantization error::  26%|██▋       | 14/53 [00:11<00:33,  1
.18it/s]
Analysing Layerwise quantization error::  28%|██▊       | 15/53 [00:12<00:30,  1
.23it/s]
Analysing Layerwise quantization error::  30%|███       | 16/53 [00:13<00:28,  1
.28it/s]
Analysing Layerwise quantization error::  32%|███▏      | 17/53 [00:13<00:27,  1
.30it/s]
Analysing Layerwise quantization error::  34%|███▍      | 18/53 [00:14<00:25,  1
.35it/s]
Analysing Layerwise quantization error::  36%|███▌      | 19/53 [00:15<00:25,  1
.36it/s]
Analysing Layerwise quantization error::  38%|███▊      | 20/53 [00:15<00:24,  1
.37it/s]
Analysing Layerwise quantization error::  40%|███▉      | 21/53 [00:16<00:23,  1
.35it/s]
Analysing Layerwise quantization error::  42%|████▏     | 22/53 [00:17<00:22,  1
.36it/s]
Analysing Layerwise quantization error::  43%|████▎     | 23/53 [00:18<00:22,  1
.36it/s]
Analysing Layerwise quantization error::  45%|████▌     | 24/53 [00:18<00:21,  1
.38it/s]
Analysing Layerwise quantization error::  47%|████▋     | 25/53 [00:19<00:20,  1
.37it/s]
Analysing Layerwise quantization error::  49%|████▉     | 26/53 [00:20<00:19,  1
.36it/s]
Analysing Layerwise quantization error::  51%|█████     | 27/53 [00:21<00:19,  1
.35it/s]
Analysing Layerwise quantization error::  53%|█████▎    | 28/53 [00:21<00:18,  1
.36it/s]
Analysing Layerwise quantization error::  55%|█████▍    | 29/53 [00:22<00:17,  1
.36it/s]
Analysing Layerwise quantization error::  57%|█████▋    | 30/53 [00:23<00:16,  1
.36it/s]
Analysing Layerwise quantization error::  58%|█████▊    | 31/53 [00:24<00:15,  1
.39it/s]
Analysing Layerwise quantization error::  60%|██████    | 32/53 [00:24<00:15,  1
.39it/s]
Analysing Layerwise quantization error::  62%|██████▏   | 33/53 [00:25<00:14,  1
.38it/s]
Analysing Layerwise quantization error::  64%|██████▍   | 34/53 [00:26<00:13,  1
.37it/s]
Analysing Layerwise quantization error::  66%|██████▌   | 35/53 [00:26<00:13,  1
.36it/s]
Analysing Layerwise quantization error::  68%|██████▊   | 36/53 [00:27<00:12,  1
.35it/s]
Analysing Layerwise quantization error::  70%|██████▉   | 37/53 [00:28<00:11,  1
.36it/s]
Analysing Layerwise quantization error::  72%|███████▏  | 38/53 [00:29<00:11,  1
.36it/s]
Analysing Layerwise quantization error::  74%|███████▎  | 39/53 [00:29<00:10,  1
.34it/s]
Analysing Layerwise quantization error::  75%|███████▌  | 40/53 [00:30<00:09,  1
.32it/s]
Analysing Layerwise quantization error::  77%|███████▋  | 41/53 [00:31<00:09,  1
.31it/s]
Analysing Layerwise quantization error::  79%|███████▉  | 42/53 [00:32<00:08,  1
.28it/s]
Analysing Layerwise quantization error::  81%|████████  | 43/53 [00:33<00:07,  1
.31it/s]
Analysing Layerwise quantization error::  83%|████████▎ | 44/53 [00:33<00:06,  1
.34it/s]
Analysing Layerwise quantization error::  85%|████████▍ | 45/53 [00:34<00:05,  1
.37it/s]
Analysing Layerwise quantization error::  87%|████████▋ | 46/53 [00:35<00:05,  1
.39it/s]
Analysing Layerwise quantization error::  89%|████████▊ | 47/53 [00:35<00:04,  1
.41it/s]
Analysing Layerwise quantization error::  91%|█████████ | 48/53 [00:36<00:03,  1
.43it/s]
Analysing Layerwise quantization error::  92%|█████████▏| 49/53 [00:37<00:02,  1
.45it/s]
Analysing Layerwise quantization error::  94%|█████████▍| 50/53 [00:37<00:02,  1
.42it/s]
Analysing Layerwise quantization error::  96%|█████████▌| 51/53 [00:38<00:01,  1
.42it/s]
Analysing Layerwise quantization error::  98%|█████████▊| 52/53 [00:39<00:00,  1
.39it/s]
Analysing Layerwise quantization error:: 100%|██████████| 53/53 [00:40<00:00,  1
.38it/s]
Analysing Layerwise quantization error:: 100%|██████████| 53/53 [00:40<00:00,  1
.32it/s]
Layer                                            | NOISE:SIGNAL POWER RATIO 
/features/features.0/features.0.0/Conv:          | ████████████████████ | 28.780%
/features/features.1/conv/conv.0/conv.0.0/Conv:  | █████████████        | 19.148%
/features/features.1/conv/conv.1/Conv:           | ███████              | 10.058%
/features/features.2/conv/conv.2/Conv:           | ███                  | 4.182%
/features/features.2/conv/conv.1/conv.1.0/Conv:  | ██                   | 2.442%
/features/features.4/conv/conv.1/conv.1.0/Conv:  | █                    | 1.565%
/features/features.4/conv/conv.0/conv.0.0/Conv:  | █                    | 1.505%
/features/features.3/conv/conv.1/conv.1.0/Conv:  | █                    | 1.260%
/features/features.3/conv/conv.2/Conv:           | █                    | 1.242%
/features/features.4/conv/conv.2/Conv:           | █                    | 1.159%
/features/features.5/conv/conv.2/Conv:           | █                    | 0.881%
/features/features.2/conv/conv.0/conv.0.0/Conv:  | █                    | 0.859%
/features/features.3/conv/conv.0/conv.0.0/Conv:  |                      | 0.689%
/features/features.5/conv/conv.0/conv.0.0/Conv:  |                      | 0.412%
/features/features.7/conv/conv.2/Conv:           |                      | 0.379%
/features/features.7/conv/conv.0/conv.0.0/Conv:  |                      | 0.244%
/features/features.9/conv/conv.2/Conv:           |                      | 0.237%
/features/features.6/conv/conv.2/Conv:           |                      | 0.199%
/features/features.8/conv/conv.2/Conv:           |                      | 0.161%
/features/features.7/conv/conv.1/conv.1.0/Conv:  |                      | 0.152%
/features/features.10/conv/conv.2/Conv:          |                      | 0.134%
/features/features.6/conv/conv.0/conv.0.0/Conv:  |                      | 0.113%
/features/features.5/conv/conv.1/conv.1.0/Conv:  |                      | 0.108%
/features/features.11/conv/conv.2/Conv:          |                      | 0.104%
/features/features.6/conv/conv.1/conv.1.0/Conv:  |                      | 0.072%
/features/features.14/conv/conv.2/Conv:          |                      | 0.058%
/features/features.9/conv/conv.0/conv.0.0/Conv:  |                      | 0.049%
/features/features.8/conv/conv.0/conv.0.0/Conv:  |                      | 0.048%
/features/features.13/conv/conv.2/Conv:          |                      | 0.048%
/features/features.8/conv/conv.1/conv.1.0/Conv:  |                      | 0.043%
/features/features.12/conv/conv.2/Conv:          |                      | 0.039%
/features/features.10/conv/conv.0/conv.0.0/Conv: |                      | 0.039%
/features/features.9/conv/conv.1/conv.1.0/Conv:  |                      | 0.030%
/features/features.11/conv/conv.0/conv.0.0/Conv: |                      | 0.029%
/classifier/classifier.1/Gemm:                   |                      | 0.025%
/features/features.11/conv/conv.1/conv.1.0/Conv: |                      | 0.025%
/features/features.15/conv/conv.1/conv.1.0/Conv: |                      | 0.022%
/features/features.10/conv/conv.1/conv.1.0/Conv: |                      | 0.022%
/features/features.12/conv/conv.0/conv.0.0/Conv: |                      | 0.017%
/features/features.16/conv/conv.2/Conv:          |                      | 0.016%
/features/features.15/conv/conv.2/Conv:          |                      | 0.014%
/features/features.13/conv/conv.0/conv.0.0/Conv: |                      | 0.012%
/features/features.14/conv/conv.0/conv.0.0/Conv: |                      | 0.010%
/features/features.12/conv/conv.1/conv.1.0/Conv: |                      | 0.008%
/features/features.15/conv/conv.0/conv.0.0/Conv: |                      | 0.006%
/features/features.14/conv/conv.1/conv.1.0/Conv: |                      | 0.005%
/features/features.13/conv/conv.1/conv.1.0/Conv: |                      | 0.004%
/features/features.17/conv/conv.0/conv.0.0/Conv: |                      | 0.003%
/features/features.17/conv/conv.2/Conv:          |                      | 0.003%
/features/features.17/conv/conv.1/conv.1.0/Conv: |                      | 0.002%
/features/features.16/conv/conv.0/conv.0.0/Conv: |                      | 0.001%
/features/features.16/conv/conv.1/conv.1.0/Conv: |                      | 0.001%
/features/features.18/features.18.0/Conv:        |                      | 0.001%

[38;5;2m[INFO][ESPDL][2026-09-17 16:23:52]:  [mskip not QuantableOperation

[38;5;2m[INFO][ESPDL][2026-09-17 16:23:52]:  [mskip not QuantableOperation

[38;5;2m[INFO][ESPDL][2026-09-17 16:23:52]:  [mskip not QuantableOperation
float model size: 8875417 bytes
espdl model size: 2372240 bytes
